> Task :buildSrc:checkKotlinGradlePluginConfigurationErrors SKIPPED
> Task :buildSrc:generateExternalPluginSpecBuilders UP-TO-DATE
> Task :buildSrc:extractPrecompiledScriptPluginPlugins UP-TO-DATE
> Task :buildSrc:compilePluginsBlocks UP-TO-DATE
> Task :buildSrc:generatePrecompiledScriptPluginAccessors UP-TO-DATE
> Task :buildSrc:generateScriptPluginAdapters UP-TO-DATE
> Task :buildSrc:compileKotlin UP-TO-DATE
> Task :buildSrc:compileJava NO-SOURCE
> Task :buildSrc:compileGroovy NO-SOURCE
> Task :buildSrc:pluginDescriptors UP-TO-DATE
> Task :buildSrc:processResources UP-TO-DATE
> Task :buildSrc:classes UP-TO-DATE
> Task :buildSrc:jar UP-TO-DATE

> Configure project :common
warning: Dokka Gradle plugin V1 is deprecated
    
    Dokka Gradle plugin V1 is deprecated, and will be removed in Dokka version 2.1.0
    Please migrate to Dokka Gradle plugin V2. This will require updating your project.
    To learn about migrating read the migration guide https://kotl.in/dokka-gradle-migration
    
    To start migrating to Dokka Gradle plugin V2 add
        org.jetbrains.dokka.experimental.gradle.pluginMode=V2EnabledWithHelpers
    into your project's `gradle.properties` file.
    
    We would appreciate your feedback!
     - Please report any feedback or problems https://kotl.in/dokka-issues
     - Chat with the community visit #dokka in https://kotlinlang.slack.com/ (To sign up visit https://kotl.in/slack)
    

> Task :common:bootBuildInfo UP-TO-DATE
> Task :common:checkKotlinGradlePluginConfigurationErrors SKIPPED
> Task :common:processResources UP-TO-DATE
> Task :main:bootBuildInfo UP-TO-DATE
> Task :main:checkKotlinGradlePluginConfigurationErrors SKIPPED
> Task :features:address:bootBuildInfo UP-TO-DATE
> Task :features:address:checkKotlinGradlePluginConfigurationErrors SKIPPED
> Task :features:address:processResources NO-SOURCE
> Task :features:advisor:bootBuildInfo UP-TO-DATE
> Task :features:advisor:checkKotlinGradlePluginConfigurationErrors SKIPPED
> Task :features:advisor:processResources NO-SOURCE
> Task :features:advisorleadmapping:bootBuildInfo UP-TO-DATE
> Task :features:advisorleadmapping:checkKotlinGradlePluginConfigurationErrors SKIPPED
> Task :features:advisorleadmapping:processResources NO-SOURCE
> Task :features:creditbureau:bootBuildInfo UP-TO-DATE
> Task :features:creditbureau:checkKotlinGradlePluginConfigurationErrors SKIPPED
> Task :features:creditbureau:processResources UP-TO-DATE
> Task :features:document:bootBuildInfo UP-TO-DATE
> Task :features:document:checkKotlinGradlePluginConfigurationErrors SKIPPED
> Task :features:document:processResources NO-SOURCE
> Task :features:identifiers:bootBuildInfo UP-TO-DATE
> Task :features:identifiers:checkKotlinGradlePluginConfigurationErrors SKIPPED
> Task :features:identifiers:processResources NO-SOURCE
> Task :features:lead:bootBuildInfo UP-TO-DATE
> Task :features:lead:checkKotlinGradlePluginConfigurationErrors SKIPPED
> Task :features:lead:processResources NO-SOURCE
> Task :features:master:bootBuildInfo UP-TO-DATE
> Task :features:master:checkKotlinGradlePluginConfigurationErrors SKIPPED
> Task :features:master:processResources NO-SOURCE
> Task :features:person:bootBuildInfo UP-TO-DATE
> Task :features:person:checkKotlinGradlePluginConfigurationErrors SKIPPED
> Task :features:person:processResources NO-SOURCE
> Task :main:processResources NO-SOURCE
> Task :common:compileKotlin
> Task :common:compileJava NO-SOURCE
> Task :common:classes UP-TO-DATE
> Task :common:jar
> Task :features:address:compileKotlin UP-TO-DATE
> Task :features:address:compileJava NO-SOURCE
> Task :features:address:classes UP-TO-DATE
> Task :features:address:jar UP-TO-DATE
> Task :features:advisor:compileKotlin UP-TO-DATE
> Task :features:advisor:compileJava NO-SOURCE
> Task :features:advisor:classes UP-TO-DATE
> Task :features:advisor:jar UP-TO-DATE
> Task :features:advisorleadmapping:compileKotlin UP-TO-DATE
> Task :features:advisorleadmapping:compileJava NO-SOURCE
> Task :features:advisorleadmapping:classes UP-TO-DATE
> Task :features:advisorleadmapping:jar UP-TO-DATE
> Task :features:creditbureau:compileKotlin UP-TO-DATE
> Task :features:creditbureau:compileJava NO-SOURCE
> Task :features:creditbureau:classes UP-TO-DATE
> Task :features:creditbureau:jar UP-TO-DATE
> Task :features:document:compileKotlin UP-TO-DATE
> Task :features:document:compileJava NO-SOURCE
> Task :features:document:classes UP-TO-DATE
> Task :features:document:jar UP-TO-DATE
> Task :features:identifiers:compileKotlin UP-TO-DATE
> Task :features:identifiers:compileJava NO-SOURCE
> Task :features:identifiers:classes UP-TO-DATE
> Task :features:identifiers:jar UP-TO-DATE
> Task :features:lead:compileKotlin UP-TO-DATE
> Task :features:lead:compileJava NO-SOURCE
> Task :features:lead:classes UP-TO-DATE
> Task :features:lead:jar UP-TO-DATE
> Task :features:master:compileKotlin UP-TO-DATE
> Task :features:master:compileJava NO-SOURCE
> Task :features:master:classes UP-TO-DATE
> Task :features:master:jar UP-TO-DATE
> Task :features:person:compileKotlin UP-TO-DATE
> Task :features:person:compileJava NO-SOURCE
> Task :features:person:classes UP-TO-DATE
> Task :features:person:jar UP-TO-DATE
> Task :main:compileKotlin UP-TO-DATE
> Task :main:compileJava NO-SOURCE
> Task :main:classes UP-TO-DATE
> Task :main:resolveMainClassName UP-TO-DATE

> Task :main:bootRun

  .   ____          _            __ _ _
 /\\ / ___'_ __ _ _(_)_ __  __ _ \ \ \ \
( ( )\___ | '_ | '_| | '_ \/ _` | \ \ \ \
 \\/  ___)| |_)| | | | | || (_| |  ) ) ) )
  '  |____| .__|_| |_|_| |_\__, | / / / /
 =========|_|==============|___/=/_/_/_/

 :: Spring Boot ::                (v3.5.3)

2025-09-12T16:31:33.323+05:30  INFO 94739 --- [  restartedMain] c.nivasafinance.NavigatorApplicationKt   : Starting NavigatorApplicationKt using Java 21.0.1 with PID 94739 (/Users/disha/navigator-platform/main/build/classes/kotlin/main started by disha in /Users/disha/navigator-platform/main)
2025-09-12T16:31:33.324+05:30  INFO 94739 --- [  restartedMain] c.nivasafinance.NavigatorApplicationKt   : No active profile set, falling back to 1 default profile: "default"
2025-09-12T16:31:33.344+05:30  INFO 94739 --- [  restartedMain] .e.DevToolsPropertyDefaultsPostProcessor : Devtools property defaults active! Set 'spring.devtools.add-properties' to 'false' to disable
2025-09-12T16:31:33.344+05:30  INFO 94739 --- [  restartedMain] .e.DevToolsPropertyDefaultsPostProcessor : For additional web related logging consider setting the 'logging.level.web' property to 'DEBUG'
2025-09-12T16:31:33.606+05:30  INFO 94739 --- [  restartedMain] .s.d.r.c.RepositoryConfigurationDelegate : Multiple Spring Data modules found, entering strict repository configuration mode
2025-09-12T16:31:33.606+05:30  INFO 94739 --- [  restartedMain] .s.d.r.c.RepositoryConfigurationDelegate : Bootstrapping Spring Data JPA repositories in DEFAULT mode.
2025-09-12T16:31:33.661+05:30  INFO 94739 --- [  restartedMain] .s.d.r.c.RepositoryConfigurationDelegate : Finished Spring Data repository scanning in 51 ms. Found 9 JPA repository interfaces.
2025-09-12T16:31:33.849+05:30  INFO 94739 --- [  restartedMain] .s.d.r.c.RepositoryConfigurationDelegate : Multiple Spring Data modules found, entering strict repository configuration mode
2025-09-12T16:31:33.850+05:30  INFO 94739 --- [  restartedMain] .s.d.r.c.RepositoryConfigurationDelegate : Bootstrapping Spring Data Redis repositories in DEFAULT mode.
2025-09-12T16:31:33.862+05:30  INFO 94739 --- [  restartedMain] .RepositoryConfigurationExtensionSupport : Spring Data Redis - Could not safely identify store assignment for repository candidate interface com.nivasafinance.features.person.repository.PersonRepository; If you want this repository to be a Redis repository, consider annotating your entities with one of these annotations: org.springframework.data.redis.core.RedisHash (preferred), or consider extending one of the following types with your repository: org.springframework.data.keyvalue.repository.KeyValueRepository
2025-09-12T16:31:33.863+05:30  INFO 94739 --- [  restartedMain] .RepositoryConfigurationExtensionSupport : Spring Data Redis - Could not safely identify store assignment for repository candidate interface com.nivasafinance.features.advisor.repository.AdvisorRepository; If you want this repository to be a Redis repository, consider annotating your entities with one of these annotations: org.springframework.data.redis.core.RedisHash (preferred), or consider extending one of the following types with your repository: org.springframework.data.keyvalue.repository.KeyValueRepository
2025-09-12T16:31:33.863+05:30  INFO 94739 --- [  restartedMain] .RepositoryConfigurationExtensionSupport : Spring Data Redis - Could not safely identify store assignment for repository candidate interface com.nivasafinance.features.advisorleadmapping.repository.AdvisorLeadMappingRepository; If you want this repository to be a Redis repository, consider annotating your entities with one of these annotations: org.springframework.data.redis.core.RedisHash (preferred), or consider extending one of the following types with your repository: org.springframework.data.keyvalue.repository.KeyValueRepository
2025-09-12T16:31:33.863+05:30  INFO 94739 --- [  restartedMain] .RepositoryConfigurationExtensionSupport : Spring Data Redis - Could not safely identify store assignment for repository candidate interface com.nivasafinance.features.master.pincode.repository.PincodeRepository; If you want this repository to be a Redis repository, consider annotating your entities with one of these annotations: org.springframework.data.redis.core.RedisHash (preferred), or consider extending one of the following types with your repository: org.springframework.data.keyvalue.repository.KeyValueRepository
2025-09-12T16:31:33.863+05:30  INFO 94739 --- [  restartedMain] .RepositoryConfigurationExtensionSupport : Spring Data Redis - Could not safely identify store assignment for repository candidate interface com.nivasafinance.features.address.repository.AddressRepository; If you want this repository to be a Redis repository, consider annotating your entities with one of these annotations: org.springframework.data.redis.core.RedisHash (preferred), or consider extending one of the following types with your repository: org.springframework.data.keyvalue.repository.KeyValueRepository
2025-09-12T16:31:33.863+05:30  INFO 94739 --- [  restartedMain] .RepositoryConfigurationExtensionSupport : Spring Data Redis - Could not safely identify store assignment for repository candidate interface com.nivasafinance.features.lead.repository.LeadRepository; If you want this repository to be a Redis repository, consider annotating your entities with one of these annotations: org.springframework.data.redis.core.RedisHash (preferred), or consider extending one of the following types with your repository: org.springframework.data.keyvalue.repository.KeyValueRepository
2025-09-12T16:31:33.863+05:30  INFO 94739 --- [  restartedMain] .RepositoryConfigurationExtensionSupport : Spring Data Redis - Could not safely identify store assignment for repository candidate interface com.nivasafinance.features.document.repository.DocumentRepository; If you want this repository to be a Redis repository, consider annotating your entities with one of these annotations: org.springframework.data.redis.core.RedisHash (preferred), or consider extending one of the following types with your repository: org.springframework.data.keyvalue.repository.KeyValueRepository
2025-09-12T16:31:33.863+05:30  INFO 94739 --- [  restartedMain] .RepositoryConfigurationExtensionSupport : Spring Data Redis - Could not safely identify store assignment for repository candidate interface com.nivasafinance.features.identifiers.repository.IdentifierRepository; If you want this repository to be a Redis repository, consider annotating your entities with one of these annotations: org.springframework.data.redis.core.RedisHash (preferred), or consider extending one of the following types with your repository: org.springframework.data.keyvalue.repository.KeyValueRepository
2025-09-12T16:31:33.863+05:30  INFO 94739 --- [  restartedMain] .s.d.r.c.RepositoryConfigurationDelegate : Finished Spring Data repository scanning in 10 ms. Found 0 Redis repository interfaces.
2025-09-12T16:31:34.208+05:30  INFO 94739 --- [  restartedMain] o.s.b.w.embedded.tomcat.TomcatWebServer  : Tomcat initialized with port 8080 (http)
2025-09-12T16:31:34.214+05:30  INFO 94739 --- [  restartedMain] o.apache.catalina.core.StandardService   : Starting service [Tomcat]
2025-09-12T16:31:34.214+05:30  INFO 94739 --- [  restartedMain] o.apache.catalina.core.StandardEngine    : Starting Servlet engine: [Apache Tomcat/10.1.42]
2025-09-12T16:31:34.229+05:30  INFO 94739 --- [  restartedMain] o.a.c.c.C.[Tomcat].[localhost].[/]       : Initializing Spring embedded WebApplicationContext
2025-09-12T16:31:34.230+05:30  INFO 94739 --- [  restartedMain] w.s.c.ServletWebServerApplicationContext : Root WebApplicationContext: initialization completed in 885 ms
2025-09-12T16:31:34.352+05:30  INFO 94739 --- [  restartedMain] com.zaxxer.hikari.HikariDataSource       : HikariPool-1 - Starting...
2025-09-12T16:31:34.397+05:30  INFO 94739 --- [  restartedMain] com.zaxxer.hikari.pool.HikariPool        : HikariPool-1 - Added connection org.postgresql.jdbc.PgConnection@79274438
2025-09-12T16:31:34.398+05:30  INFO 94739 --- [  restartedMain] com.zaxxer.hikari.HikariDataSource       : HikariPool-1 - Start completed.
2025-09-12T16:31:39.466+05:30  INFO 94739 --- [  restartedMain] liquibase.database                       : Set default schema name to public
2025-09-12T16:31:39.614+05:30  INFO 94739 --- [  restartedMain] liquibase.changelog                      : Reading from public.databasechangelog
2025-09-12T16:31:39.630+05:30  INFO 94739 --- [  restartedMain] liquibase.ui                             : Database is up to date, no changesets to execute
2025-09-12T16:31:39.631+05:30  INFO 94739 --- [  restartedMain] liquibase.changelog                      : Reading from public.databasechangelog
2025-09-12T16:31:39.634+05:30  INFO 94739 --- [  restartedMain] liquibase.util                           : UPDATE SUMMARY
2025-09-12T16:31:39.634+05:30  INFO 94739 --- [  restartedMain] liquibase.util                           : Run:                          0
2025-09-12T16:31:39.634+05:30  INFO 94739 --- [  restartedMain] liquibase.util                           : Previously run:               0
2025-09-12T16:31:39.634+05:30  INFO 94739 --- [  restartedMain] liquibase.util                           : Filtered out:                 0
2025-09-12T16:31:39.634+05:30  INFO 94739 --- [  restartedMain] liquibase.util                           : -------------------------------
2025-09-12T16:31:39.634+05:30  INFO 94739 --- [  restartedMain] liquibase.util                           : Total change sets:            0
2025-09-12T16:31:39.634+05:30  INFO 94739 --- [  restartedMain] liquibase.util                           : Update summary generated
2025-09-12T16:31:39.635+05:30  INFO 94739 --- [  restartedMain] liquibase.command                        : Command execution complete
2025-09-12T16:31:40.644+05:30  INFO 94739 --- [  restartedMain] o.hibernate.jpa.internal.util.LogHelper  : HHH000204: Processing PersistenceUnitInfo [name: default]
2025-09-12T16:31:40.673+05:30  INFO 94739 --- [  restartedMain] org.hibernate.Version                    : HHH000412: Hibernate ORM core version 6.6.18.Final
2025-09-12T16:31:40.689+05:30  INFO 94739 --- [  restartedMain] o.h.c.internal.RegionFactoryInitiator    : HHH000026: Second-level cache disabled
2025-09-12T16:31:40.741+05:30  WARN 94739 --- [  restartedMain] org.hibernate.orm.deprecation            : HHH90000025: PostgreSQLDialect does not need to be specified explicitly using 'hibernate.dialect' (remove the property setting and it will be selected by default)
2025-09-12T16:31:40.746+05:30  INFO 94739 --- [  restartedMain] org.hibernate.orm.connections.pooling    : HHH10001005: Database info:
	Database JDBC URL [Connecting through datasource 'HikariDataSource (HikariPool-1)']
	Database driver: undefined/unknown
	Database version: 17.6
	Autocommit mode: undefined/unknown
	Isolation level: undefined/unknown
	Minimum pool size: undefined/unknown
	Maximum pool size: undefined/unknown
2025-09-12T16:31:40.842+05:30  INFO 94739 --- [  restartedMain] o.s.o.j.p.SpringPersistenceUnitInfo      : No LoadTimeWeaver setup: ignoring JPA class transformer
2025-09-12T16:31:41.300+05:30  INFO 94739 --- [  restartedMain] o.h.e.t.j.p.i.JtaPlatformInitiator       : HHH000489: No JTA platform available (set 'hibernate.transaction.jta.platform' to enable JTA platform integration)
2025-09-12T16:31:41.301+05:30  INFO 94739 --- [  restartedMain] j.LocalContainerEntityManagerFactoryBean : Initialized JPA EntityManagerFactory for persistence unit 'default'
2025-09-12T16:31:41.855+05:30  INFO 94739 --- [  restartedMain] o.s.d.j.r.query.QueryEnhancerFactory     : Hibernate is in classpath; If applicable, HQL parser will be used.
2025-09-12T16:31:42.131+05:30  WARN 94739 --- [  restartedMain] JpaBaseConfiguration$JpaWebConfiguration : spring.jpa.open-in-view is enabled by default. Therefore, database queries may be performed during view rendering. Explicitly configure spring.jpa.open-in-view to disable this warning
2025-09-12T16:31:42.300+05:30  INFO 94739 --- [  restartedMain] o.j.s.b.sql.JaversSqlAutoConfiguration   : detected Hibernate dialect: PostgreSQLDialect
2025-09-12T16:31:42.314+05:30  INFO 94739 --- [  restartedMain] o.j.repository.sql.SqlRepositoryBuilder  : starting SqlRepository...
2025-09-12T16:31:42.314+05:30  INFO 94739 --- [  restartedMain] o.j.repository.sql.SqlRepositoryBuilder  :   dialect:                  POSTGRES
2025-09-12T16:31:42.314+05:30  INFO 94739 --- [  restartedMain] o.j.repository.sql.SqlRepositoryBuilder  :   schemaManagementEnabled:  true
2025-09-12T16:31:42.314+05:30  INFO 94739 --- [  restartedMain] o.j.repository.sql.SqlRepositoryBuilder  :   schema name:              null
2025-09-12T16:31:42.338+05:30  INFO 94739 --- [  restartedMain] o.j.r.sql.schema.TableNameProvider       : Commit table:           jv_commit
2025-09-12T16:31:42.338+05:30  INFO 94739 --- [  restartedMain] o.j.r.sql.schema.TableNameProvider       : CommitProperty table:   jv_commit_property
2025-09-12T16:31:42.338+05:30  INFO 94739 --- [  restartedMain] o.j.r.sql.schema.TableNameProvider       : GlobalId table:         jv_global_id
2025-09-12T16:31:42.338+05:30  INFO 94739 --- [  restartedMain] o.j.r.sql.schema.TableNameProvider       : Snapshot table:         jv_snapshot
2025-09-12T16:31:42.361+05:30  INFO 94739 --- [  restartedMain] org.javers.core.JaversBuilder            : mappingStyle: FIELD
2025-09-12T16:31:42.363+05:30  INFO 94739 --- [  restartedMain] org.javers.core.JaversBuilder            : loading GuavaAddOns ...
2025-09-12T16:31:42.679+05:30  INFO 94739 --- [  restartedMain] o.s.b.d.a.OptionalLiveReloadServer       : LiveReload server is running on port 35729
2025-09-12T16:31:42.685+05:30  INFO 94739 --- [  restartedMain] o.s.b.a.e.web.EndpointLinksResolver      : Exposing 3 endpoints beneath base path '/actuator'
2025-09-12T16:31:42.725+05:30  INFO 94739 --- [  restartedMain] o.s.b.w.embedded.tomcat.TomcatWebServer  : Tomcat started on port 8080 (http) with context path '/'
2025-09-12T16:31:42.731+05:30  INFO 94739 --- [  restartedMain] c.nivasafinance.NavigatorApplicationKt   : Started NavigatorApplicationKt in 9.541 seconds (process running for 9.715)
2025-09-12T16:31:42.758+05:30  INFO 94739 --- [  restartedMain] c.n.f.d.c.DocumentConfigurationValidator : Validating document storage configuration...
2025-09-12T16:31:42.759+05:30  INFO 94739 --- [  restartedMain] c.n.f.d.c.DocumentConfigurationValidator : Validating local storage configuration...
2025-09-12T16:31:42.760+05:30 ERROR 94739 --- [  restartedMain] c.n.f.d.h.LocalStorageHealthIndicator    : Local storage health check failed: basePath=/tmp/documents, exists=false, writable=false, readable=false
2025-09-12T16:31:42.760+05:30  WARN 94739 --- [  restartedMain] c.n.f.d.c.DocumentConfigurationValidator : Local storage health check failed, but continuing with configuration validation
2025-09-12T16:31:42.760+05:30  INFO 94739 --- [  restartedMain] c.n.f.d.c.DocumentConfigurationValidator : Local storage configuration validated: basePath=/tmp/documents
2025-09-12T16:31:42.760+05:30  INFO 94739 --- [  restartedMain] c.n.f.d.c.DocumentConfigurationValidator : Document storage configuration validation completed successfully
2025-09-12T17:09:27.999+05:30  WARN 94739 --- [l-1:housekeeper] com.zaxxer.hikari.pool.HikariPool        : HikariPool-1 - Thread starvation or clock leap detected (housekeeper delta=1m53s209ms).
2025-09-12T18:20:18.734+05:30  WARN 94739 --- [l-1:housekeeper] com.zaxxer.hikari.pool.HikariPool        : HikariPool-1 - Thread starvation or clock leap detected (housekeeper delta=16m50s360ms).
2025-09-12T19:13:51.025+05:30  WARN 94739 --- [l-1:housekeeper] com.zaxxer.hikari.pool.HikariPool        : HikariPool-1 - Thread starvation or clock leap detected (housekeeper delta=53m32s291ms).
2025-09-12T19:48:27.250+05:30  WARN 94739 --- [l-1:housekeeper] com.zaxxer.hikari.pool.HikariPool        : HikariPool-1 - Thread starvation or clock leap detected (housekeeper delta=34m36s225ms).
2025-09-12T20:39:36.990+05:30  WARN 94739 --- [l-1:housekeeper] com.zaxxer.hikari.pool.HikariPool        : HikariPool-1 - Thread starvation or clock leap detected (housekeeper delta=51m9s738ms).
2025-09-12T20:57:25.231+05:30  WARN 94739 --- [l-1:housekeeper] com.zaxxer.hikari.pool.HikariPool        : HikariPool-1 - Thread starvation or clock leap detected (housekeeper delta=17m48s242ms).
2025-09-12T21:35:29.141+05:30  WARN 94739 --- [l-1:housekeeper] com.zaxxer.hikari.pool.HikariPool        : HikariPool-1 - Thread starvation or clock leap detected (housekeeper delta=38m3s910ms).
2025-09-12T21:57:25.000+05:30  WARN 94739 --- [l-1:housekeeper] com.zaxxer.hikari.pool.HikariPool        : HikariPool-1 - Thread starvation or clock leap detected (housekeeper delta=16m55s815ms).
2025-09-12T22:15:31.962+05:30  WARN 94739 --- [l-1:housekeeper] com.zaxxer.hikari.pool.HikariPool        : HikariPool-1 - Thread starvation or clock leap detected (housekeeper delta=15m36s929ms).
2025-09-12T23:21:32.751+05:30  WARN 94739 --- [l-1:housekeeper] com.zaxxer.hikari.pool.HikariPool        : HikariPool-1 - Thread starvation or clock leap detected (housekeeper delta=1h6m789ms).
2025-09-12T23:41:47.954+05:30  WARN 94739 --- [l-1:housekeeper] com.zaxxer.hikari.pool.HikariPool        : HikariPool-1 - Thread starvation or clock leap detected (housekeeper delta=20m15s203ms).
2025-09-13T00:29:19.852+05:30  WARN 94739 --- [l-1:housekeeper] com.zaxxer.hikari.pool.HikariPool        : HikariPool-1 - Thread starvation or clock leap detected (housekeeper delta=47m31s898ms).
2025-09-13T00:42:57.165+05:30  WARN 94739 --- [l-1:housekeeper] com.zaxxer.hikari.pool.HikariPool        : HikariPool-1 - Thread starvation or clock leap detected (housekeeper delta=13m37s313ms).
2025-09-13T02:09:37.667+05:30  WARN 94739 --- [l-1:housekeeper] com.zaxxer.hikari.pool.HikariPool        : HikariPool-1 - Thread starvation or clock leap detected (housekeeper delta=1h26m40s502ms).
2025-09-13T02:54:16.691+05:30  WARN 94739 --- [l-1:housekeeper] com.zaxxer.hikari.pool.HikariPool        : HikariPool-1 - Thread starvation or clock leap detected (housekeeper delta=44m39s24ms).
2025-09-13T03:27:23.395+05:30  WARN 94739 --- [l-1:housekeeper] com.zaxxer.hikari.pool.HikariPool        : HikariPool-1 - Thread starvation or clock leap detected (housekeeper delta=32m36s705ms).
2025-09-13T04:35:40.513+05:30  WARN 94739 --- [l-1:housekeeper] com.zaxxer.hikari.pool.HikariPool        : HikariPool-1 - Thread starvation or clock leap detected (housekeeper delta=1h8m17s117ms).
2025-09-13T05:40:20.133+05:30  WARN 94739 --- [l-1:housekeeper] com.zaxxer.hikari.pool.HikariPool        : HikariPool-1 - Thread starvation or clock leap detected (housekeeper delta=1h4m39s621ms).
2025-09-13T06:53:41.823+05:30  WARN 94739 --- [l-1:housekeeper] com.zaxxer.hikari.pool.HikariPool        : HikariPool-1 - Thread starvation or clock leap detected (housekeeper delta=1h13m21s690ms).
2025-09-13T07:37:55.527+05:30  WARN 94739 --- [l-1:housekeeper] com.zaxxer.hikari.pool.HikariPool        : HikariPool-1 - Thread starvation or clock leap detected (housekeeper delta=44m13s704ms).
2025-09-13T08:25:15.691+05:30  WARN 94739 --- [l-1:housekeeper] com.zaxxer.hikari.pool.HikariPool        : HikariPool-1 - Thread starvation or clock leap detected (housekeeper delta=47m20s164ms).
2025-09-13T09:13:44.814+05:30  WARN 94739 --- [l-1:housekeeper] com.zaxxer.hikari.pool.HikariPool        : HikariPool-1 - Thread starvation or clock leap detected (housekeeper delta=48m29s123ms).
2025-09-13T10:14:25.237+05:30  WARN 94739 --- [l-1:housekeeper] com.zaxxer.hikari.pool.HikariPool        : HikariPool-1 - Thread starvation or clock leap detected (housekeeper delta=1h40s423ms).
2025-09-13T10:30:51.879+05:30  WARN 94739 --- [l-1:housekeeper] com.zaxxer.hikari.pool.HikariPool        : HikariPool-1 - Thread starvation or clock leap detected (housekeeper delta=16m26s642ms).
2025-09-13T11:31:48.760+05:30  WARN 94739 --- [l-1:housekeeper] com.zaxxer.hikari.pool.HikariPool        : HikariPool-1 - Thread starvation or clock leap detected (housekeeper delta=1h56s881ms).
2025-09-13T11:41:41.910+05:30  WARN 94739 --- [l-1:housekeeper] com.zaxxer.hikari.pool.HikariPool        : HikariPool-1 - Thread starvation or clock leap detected (housekeeper delta=9m53s150ms).
2025-09-13T12:33:49.613+05:30  WARN 94739 --- [l-1:housekeeper] com.zaxxer.hikari.pool.HikariPool        : HikariPool-1 - Thread starvation or clock leap detected (housekeeper delta=52m7s703ms).
2025-09-13T12:58:49.064+05:30  WARN 94739 --- [l-1:housekeeper] com.zaxxer.hikari.pool.HikariPool        : HikariPool-1 - Thread starvation or clock leap detected (housekeeper delta=24m59s451ms).
2025-09-13T13:15:35.152+05:30  WARN 94739 --- [l-1:housekeeper] com.zaxxer.hikari.pool.HikariPool        : HikariPool-1 - Thread starvation or clock leap detected (housekeeper delta=16m46s88ms).
2025-09-13T13:43:51.832+05:30  WARN 94739 --- [l-1:housekeeper] com.zaxxer.hikari.pool.HikariPool        : HikariPool-1 - Thread starvation or clock leap detected (housekeeper delta=28m16s679ms).
2025-09-13T14:33:37.960+05:30  WARN 94739 --- [l-1:housekeeper] com.zaxxer.hikari.pool.HikariPool        : HikariPool-1 - Thread starvation or clock leap detected (housekeeper delta=49m46s129ms).
2025-09-13T14:45:02.199+05:30  WARN 94739 --- [l-1:housekeeper] com.zaxxer.hikari.pool.HikariPool        : HikariPool-1 - Thread starvation or clock leap detected (housekeeper delta=11m24s238ms).
2025-09-13T15:45:43.869+05:30  WARN 94739 --- [l-1:housekeeper] com.zaxxer.hikari.pool.HikariPool        : HikariPool-1 - Thread starvation or clock leap detected (housekeeper delta=1h41s671ms).
2025-09-13T16:03:20.627+05:30  WARN 94739 --- [l-1:housekeeper] com.zaxxer.hikari.pool.HikariPool        : HikariPool-1 - Thread starvation or clock leap detected (housekeeper delta=17m36s758ms).
2025-09-13T16:46:55.563+05:30  WARN 94739 --- [l-1:housekeeper] com.zaxxer.hikari.pool.HikariPool        : HikariPool-1 - Thread starvation or clock leap detected (housekeeper delta=43m34s936ms).
2025-09-13T17:27:28.468+05:30  WARN 94739 --- [l-1:housekeeper] com.zaxxer.hikari.pool.HikariPool        : HikariPool-1 - Thread starvation or clock leap detected (housekeeper delta=40m32s905ms).
2025-09-13T17:47:59.795+05:30  WARN 94739 --- [l-1:housekeeper] com.zaxxer.hikari.pool.HikariPool        : HikariPool-1 - Thread starvation or clock leap detected (housekeeper delta=20m31s326ms).
2025-09-13T18:48:41.555+05:30  WARN 94739 --- [l-1:housekeeper] com.zaxxer.hikari.pool.HikariPool        : HikariPool-1 - Thread starvation or clock leap detected (housekeeper delta=1h41s761ms).
2025-09-13T19:05:42.421+05:30  WARN 94739 --- [l-1:housekeeper] com.zaxxer.hikari.pool.HikariPool        : HikariPool-1 - Thread starvation or clock leap detected (housekeeper delta=17m866ms).
2025-09-13T19:49:53.281+05:30  WARN 94739 --- [l-1:housekeeper] com.zaxxer.hikari.pool.HikariPool        : HikariPool-1 - Thread starvation or clock leap detected (housekeeper delta=44m10s860ms).
2025-09-13T20:40:25.356+05:30  WARN 94739 --- [l-1:housekeeper] com.zaxxer.hikari.pool.HikariPool        : HikariPool-1 - Thread starvation or clock leap detected (housekeeper delta=50m32s75ms).
2025-09-13T20:51:03.266+05:30  WARN 94739 --- [l-1:housekeeper] com.zaxxer.hikari.pool.HikariPool        : HikariPool-1 - Thread starvation or clock leap detected (housekeeper delta=10m37s910ms).
2025-09-13T21:51:42.913+05:30  WARN 94739 --- [l-1:housekeeper] com.zaxxer.hikari.pool.HikariPool        : HikariPool-1 - Thread starvation or clock leap detected (housekeeper delta=58m9s622ms).
2025-09-13T22:23:25.035+05:30  WARN 94739 --- [l-1:housekeeper] com.zaxxer.hikari.pool.HikariPool        : HikariPool-1 - Thread starvation or clock leap detected (housekeeper delta=31m42s122ms).
2025-09-13T23:07:51.007+05:30  WARN 94739 --- [l-1:housekeeper] com.zaxxer.hikari.pool.HikariPool        : HikariPool-1 - Thread starvation or clock leap detected (housekeeper delta=44m25s972ms).
2025-09-13T23:25:26.655+05:30  WARN 94739 --- [l-1:housekeeper] com.zaxxer.hikari.pool.HikariPool        : HikariPool-1 - Thread starvation or clock leap detected (housekeeper delta=17m35s648ms).
2025-09-14T00:41:31.118+05:30  WARN 94739 --- [l-1:housekeeper] com.zaxxer.hikari.pool.HikariPool        : HikariPool-1 - Thread starvation or clock leap detected (housekeeper delta=1h14m34s444ms).
2025-09-14T01:42:21.641+05:30  WARN 94739 --- [l-1:housekeeper] com.zaxxer.hikari.pool.HikariPool        : HikariPool-1 - Thread starvation or clock leap detected (housekeeper delta=1h50s523ms).
2025-09-14T02:50:23.737+05:30  WARN 94739 --- [l-1:housekeeper] com.zaxxer.hikari.pool.HikariPool        : HikariPool-1 - Thread starvation or clock leap detected (housekeeper delta=1h8m2s96ms).
2025-09-14T03:57:11.344+05:30  WARN 94739 --- [l-1:housekeeper] com.zaxxer.hikari.pool.HikariPool        : HikariPool-1 - Thread starvation or clock leap detected (housekeeper delta=1h6m47s607ms).
2025-09-14T05:03:02.675+05:30  WARN 94739 --- [l-1:housekeeper] com.zaxxer.hikari.pool.HikariPool        : HikariPool-1 - Thread starvation or clock leap detected (housekeeper delta=1h5m51s331ms).
2025-09-14T05:51:14.284+05:30  WARN 94739 --- [l-1:housekeeper] com.zaxxer.hikari.pool.HikariPool        : HikariPool-1 - Thread starvation or clock leap detected (housekeeper delta=48m11s608ms).
2025-09-14T06:57:10.274+05:30  WARN 94739 --- [l-1:housekeeper] com.zaxxer.hikari.pool.HikariPool        : HikariPool-1 - Thread starvation or clock leap detected (housekeeper delta=1h5m55s990ms).
2025-09-14T07:32:32.207+05:30  WARN 94739 --- [l-1:housekeeper] com.zaxxer.hikari.pool.HikariPool        : HikariPool-1 - Thread starvation or clock leap detected (housekeeper delta=35m21s933ms).
2025-09-14T08:36:47.815+05:30  WARN 94739 --- [l-1:housekeeper] com.zaxxer.hikari.pool.HikariPool        : HikariPool-1 - Thread starvation or clock leap detected (housekeeper delta=1h4m15s609ms).
2025-09-14T09:33:34.977+05:30  WARN 94739 --- [l-1:housekeeper] com.zaxxer.hikari.pool.HikariPool        : HikariPool-1 - Thread starvation or clock leap detected (housekeeper delta=56m47s161ms).
2025-09-14T10:34:38.223+05:30  WARN 94739 --- [l-1:housekeeper] com.zaxxer.hikari.pool.HikariPool        : HikariPool-1 - Thread starvation or clock leap detected (housekeeper delta=1h1m3s247ms).
2025-09-14T11:06:29.737+05:30  WARN 94739 --- [l-1:housekeeper] com.zaxxer.hikari.pool.HikariPool        : HikariPool-1 - Thread starvation or clock leap detected (housekeeper delta=31m51s514ms).
2025-09-14T11:35:50.044+05:30  WARN 94739 --- [l-1:housekeeper] com.zaxxer.hikari.pool.HikariPool        : HikariPool-1 - Thread starvation or clock leap detected (housekeeper delta=29m20s306ms).
2025-09-14T12:36:31.744+05:30  WARN 94739 --- [l-1:housekeeper] com.zaxxer.hikari.pool.HikariPool        : HikariPool-1 - Thread starvation or clock leap detected (housekeeper delta=58m41s683ms).
2025-09-14T13:37:27.852+05:30  WARN 94739 --- [l-1:housekeeper] com.zaxxer.hikari.pool.HikariPool        : HikariPool-1 - Thread starvation or clock leap detected (housekeeper delta=1h56s107ms).
2025-09-14T14:27:32.605+05:30  WARN 94739 --- [l-1:housekeeper] com.zaxxer.hikari.pool.HikariPool        : HikariPool-1 - Thread starvation or clock leap detected (housekeeper delta=50m4s754ms).
2025-09-14T14:38:37.476+05:30  WARN 94739 --- [l-1:housekeeper] com.zaxxer.hikari.pool.HikariPool        : HikariPool-1 - Thread starvation or clock leap detected (housekeeper delta=11m4s871ms).
2025-09-14T15:39:40.704+05:30  WARN 94739 --- [l-1:housekeeper] com.zaxxer.hikari.pool.HikariPool        : HikariPool-1 - Thread starvation or clock leap detected (housekeeper delta=1h1m3s228ms).
2025-09-14T16:29:04.784+05:30  WARN 94739 --- [l-1:housekeeper] com.zaxxer.hikari.pool.HikariPool        : HikariPool-1 - Thread starvation or clock leap detected (housekeeper delta=49m24s79ms).
2025-09-14T16:40:53.429+05:30  WARN 94739 --- [l-1:housekeeper] com.zaxxer.hikari.pool.HikariPool        : HikariPool-1 - Thread starvation or clock leap detected (housekeeper delta=11m48s646ms).
2025-09-14T17:34:11.152+05:30  WARN 94739 --- [l-1:housekeeper] com.zaxxer.hikari.pool.HikariPool        : HikariPool-1 - Thread starvation or clock leap detected (housekeeper delta=53m17s723ms).
2025-09-14T17:41:58.658+05:30  WARN 94739 --- [l-1:housekeeper] com.zaxxer.hikari.pool.HikariPool        : HikariPool-1 - Thread starvation or clock leap detected (housekeeper delta=7m47s506ms).
2025-09-14T18:42:40.480+05:30  WARN 94739 --- [l-1:housekeeper] com.zaxxer.hikari.pool.HikariPool        : HikariPool-1 - Thread starvation or clock leap detected (housekeeper delta=1h41s822ms).
2025-09-14T19:17:27.882+05:30  WARN 94739 --- [l-1:housekeeper] com.zaxxer.hikari.pool.HikariPool        : HikariPool-1 - Thread starvation or clock leap detected (housekeeper delta=34m47s402ms).
2025-09-14T19:43:53.154+05:30  WARN 94739 --- [l-1:housekeeper] com.zaxxer.hikari.pool.HikariPool        : HikariPool-1 - Thread starvation or clock leap detected (housekeeper delta=26m25s272ms).
2025-09-14T20:44:34.193+05:30  WARN 94739 --- [l-1:housekeeper] com.zaxxer.hikari.pool.HikariPool        : HikariPool-1 - Thread starvation or clock leap detected (housekeeper delta=1h41s39ms).
2025-09-14T21:01:19.985+05:30  WARN 94739 --- [l-1:housekeeper] com.zaxxer.hikari.pool.HikariPool        : HikariPool-1 - Thread starvation or clock leap detected (housekeeper delta=16m45s792ms).
2025-09-14T21:45:46.931+05:30  WARN 94739 --- [l-1:housekeeper] com.zaxxer.hikari.pool.HikariPool        : HikariPool-1 - Thread starvation or clock leap detected (housekeeper delta=44m26s945ms).
2025-09-14T22:37:17.933+05:30  WARN 94739 --- [l-1:housekeeper] com.zaxxer.hikari.pool.HikariPool        : HikariPool-1 - Thread starvation or clock leap detected (housekeeper delta=51m31s3ms).
2025-09-14T22:46:59.604+05:30  WARN 94739 --- [l-1:housekeeper] com.zaxxer.hikari.pool.HikariPool        : HikariPool-1 - Thread starvation or clock leap detected (housekeeper delta=9m41s671ms).
2025-09-15T00:05:32.808+05:30  WARN 94739 --- [l-1:housekeeper] com.zaxxer.hikari.pool.HikariPool        : HikariPool-1 - Thread starvation or clock leap detected (housekeeper delta=1h18m33s204ms).
2025-09-15T00:53:58.091+05:30  WARN 94739 --- [l-1:housekeeper] com.zaxxer.hikari.pool.HikariPool        : HikariPool-1 - Thread starvation or clock leap detected (housekeeper delta=48m25s283ms).
2025-09-15T02:02:16.079+05:30  WARN 94739 --- [l-1:housekeeper] com.zaxxer.hikari.pool.HikariPool        : HikariPool-1 - Thread starvation or clock leap detected (housekeeper delta=1h8m17s988ms).
2025-09-15T03:10:37.413+05:30  WARN 94739 --- [l-1:housekeeper] com.zaxxer.hikari.pool.HikariPool        : HikariPool-1 - Thread starvation or clock leap detected (housekeeper delta=1h8m21s334ms).
2025-09-15T04:11:49.467+05:30  WARN 94739 --- [l-1:housekeeper] com.zaxxer.hikari.pool.HikariPool        : HikariPool-1 - Thread starvation or clock leap detected (housekeeper delta=1h1m12s54ms).
2025-09-15T05:40:28.950+05:30  WARN 94739 --- [l-1:housekeeper] com.zaxxer.hikari.pool.HikariPool        : HikariPool-1 - Thread starvation or clock leap detected (housekeeper delta=1h28m39s483ms).
2025-09-15T06:41:34.947+05:30  WARN 94739 --- [l-1:housekeeper] com.zaxxer.hikari.pool.HikariPool        : HikariPool-1 - Thread starvation or clock leap detected (housekeeper delta=1h1m5s997ms).
2025-09-15T07:36:27.142+05:30  WARN 94739 --- [l-1:housekeeper] com.zaxxer.hikari.pool.HikariPool        : HikariPool-1 - Thread starvation or clock leap detected (housekeeper delta=54m52s194ms).
2025-09-15T08:16:38.633+05:30  WARN 94739 --- [l-1:housekeeper] com.zaxxer.hikari.pool.HikariPool        : HikariPool-1 - Thread starvation or clock leap detected (housekeeper delta=40m11s492ms).
2025-09-15T08:30:22.217+05:30  WARN 94739 --- [l-1:housekeeper] com.zaxxer.hikari.pool.HikariPool        : HikariPool-1 - Thread starvation or clock leap detected (housekeeper delta=13m43s583ms).
2025-09-15T08:38:51.123+05:30  WARN 94739 --- [l-1:housekeeper] com.zaxxer.hikari.pool.HikariPool        : HikariPool-1 - Thread starvation or clock leap detected (housekeeper delta=3m28s874ms).
